FROM alpine:edge

#fixuid-manual-install
USER nobody

CMD '/ep'
ENTRYPOINT ["fixuid", "-q"]
