services:
  enabled1:
    image: 'enabled1'
    init: True
    restart: 'no'
volumes: {}
networks:
  default:
    name: %network_name%