FROM alpine:edge

#fixuid-manual
USER nobody

CMD '/ep'
